[backblue.gif]
[fade.gif]
[index.html]
[localhost/bsu-open university/index.php/feed/index.html]
[localhost/bsu-open university/index.php/events/indexedf3.html]
[localhost/bsu-open university/index.php/comments/feed/index.html]
[localhost/bsu-open university/wp-includes/js/jquery/jquery.min5aed.js]
[localhost/bsu-open university/wp-includes/js/jquery/jquery-migrate.min6b00.js]
[localhost/bsu-open university/wp-content/themes/atua/assets/vendors/js/owl.carousel68b3.js]
[localhost/bsu-open university/index.php/wp-json/wp/v2/pages/1151.json]
[localhost/bsu-open university/index.php/wp-json/index.html]
[localhost/bsu-open university/xmlrpc0db0.php]
[localhost/bsu-open university/wp-includes/wlwmanifest.xml]
[localhost/bsu-open university/index.php/wp-json/oembed/1.0/embed97bf.json]
[localhost/bsu-open university/index.php/wp-json/oembed/1.0/embed3206]
[localhost/bsu-open university/wp-content/uploads/2023/05/OU-png-1.png]
[localhost/bsu-open university/index.php/wp-json/tribe/events/v1/index.html]
[localhost/bsu-open university/wp-content/uploads/2023/06/wp8149664.jpg]
[localhost/bsu-open university/wp-content/uploads/2023/06/DSC_0020.jpg]
[localhost/bsu-open university/wp-content/uploads/2023/05/DSC_0242.jpg]
[localhost/bsu-open university/wp-content/uploads/2023/06/evolution-in-education-200x300.jpg]
[localhost/bsu-open university/wp-content/uploads/2023/06/mobile-learning-300x200.jpg]
[localhost/bsu-open university/wp-content/uploads/2023/05/DSC_0428.jpg]
[localhost/bsu-open university/wp-content/uploads/2023/05/DSC_0057.jpg]
[localhost/bsu-open university/wp-content/uploads/2023/05/DSC_0911.jpg]
[localhost/bsu-open university/wp-content/uploads/2023/05/DSC_0022.jpg]
[localhost/bsu-open university/wp-content/uploads/2023/06/pexels-tranmautritam-326514-scaled.jpg]
[localhost/bsu-open university/wp-content/uploads/2023/06/thesis-format.pdf]
[localhost/bsu-open university/wp-content/uploads/2023/06/TF-Breakdown_page-0001-scaled.jpg]
[connect.facebook.net/en_US/sdk/xfbml.customerchat.js]
[localhost/bsu-open university/wp-content/plugins/mystickymenu/js/morphext/morphext.min6fca.js]
[localhost/bsu-open university/wp-content/plugins/mystickymenu/js/welcomebar-front6fca.js]
[localhost/bsu-open university/wp-content/themes/atua/assets/vendors/js/wow.min3781.js]
[localhost/bsu-open university/wp-content/themes/atua/assets/vendors/js/parallax.min3781.js]
[localhost/bsu-open university/wp-content/themes/atua/assets/js/theme3781.js]
[localhost/bsu-open university/wp-content/themes/atua/assets/js/custom3781.js]
[localhost/bsu-open university/index.html]
[localhost/bsu-open university/wp-includes/css/dist/block-library/style.min3781.css]
[localhost/bsu-open university/wp-includes/css/classic-themes.min3781.css]
[localhost/bsu-open university/wp-content/plugins/testimonial-slider-and-showcase/assets/css/wptestimonialb6db.css]
[localhost/bsu-open university/wp-content/themes/atua/assets/vendors/css/owl.carousel.min3781.css]
[localhost/bsu-open university/wp-content/themes/atua/assets/vendors/webfonts/fa-brands-400.woff2]
[localhost/bsu-open university/wp-content/themes/atua/assets/vendors/webfonts/fa-brands-400.ttf]
[localhost/bsu-open university/wp-content/themes/atua/assets/vendors/webfonts/fa-regular-400.woff2]
[localhost/bsu-open university/wp-content/themes/atua/assets/vendors/webfonts/fa-regular-400.ttf]
[localhost/bsu-open university/wp-content/themes/atua/assets/vendors/webfonts/fa-solid-900.woff2]
[localhost/bsu-open university/wp-content/themes/atua/assets/vendors/webfonts/fa-solid-900.ttf]
[localhost/bsu-open university/wp-content/themes/atua/assets/vendors/webfonts/fa-v4compatibility.woff2]
[localhost/bsu-open university/wp-content/themes/atua/assets/vendors/webfonts/fa-v4compatibility.ttf]
[localhost/bsu-open university/wp-content/themes/atua/assets/vendors/css/all3781.css]
[localhost/bsu-open university/wp-content/themes/atua/assets/vendors/css/animate3781.css]
[localhost/bsu-open university/wp-content/themes/atua/assets/css/core3781.css]
[localhost/bsu-open university/wp-content/themes/atua/assets/css/themes3781.css]
[localhost/bsu-open university/wp-content/themes/atua/assets/css/woo-styles3781.css]
[localhost/bsu-open university/wp-content/themes/atus/style3781.css]
[localhost/bsu-open university/wp-content/fonts/dm-sans/rP2Hp2ywxg089UriCZ2IHSeH.woff2]
[localhost/bsu-open university/wp-content/fonts/dm-sans/rP2Hp2ywxg089UriCZOIHQ.woff2]
[localhost/bsu-open university/wp-content/fonts/dm-sans/rP2Cp2ywxg089UriAWCrCBamC2QX.woff2]
[localhost/bsu-open university/wp-content/fonts/dm-sans/rP2Cp2ywxg089UriAWCrCBimCw.woff2]
[localhost/bsu-open university/wp-content/fonts/dm-sans/rP2Cp2ywxg089UriASitCBamC2QX.woff2]
[localhost/bsu-open university/wp-content/fonts/dm-sans/rP2Cp2ywxg089UriASitCBimCw.woff2]
[localhost/bsu-open university/wp-content/fonts/red-hat-display/8vIQ7wUr0m80wwYf0QCXZzYzUoTg8z6hVYs.woff2]
[localhost/bsu-open university/wp-content/fonts/red-hat-display/8vIQ7wUr0m80wwYf0QCXZzYzUoTg_T6h.woff2]
[localhost/bsu-open university/wp-content/fonts/eac5ce5519be33e0e3b4de57bcb7fef4.css]
[localhost/bsu-open university/wp-content/themes/atua/style3781.css]
[localhost/bsu-open university/index.php/wp-json/wp/v2/pages/1761.json]
[localhost/bsu-open university/index.php/wp-json/oembed/1.0/embed7f4e.json]
[localhost/bsu-open university/index.php/wp-json/oembed/1.0/embed95e3]
[localhost/bsu-open university/wp-content/uploads/2023/05/MCD-Brochure.pdf]
[localhost/bsu-open university/wp-content/uploads/2023/05/MCHD-Brochure.pdf]
[localhost/bsu-open university/wp-content/uploads/2023/05/MCM-Brochure.pdf]
[localhost/bsu-open university/wp-content/uploads/2023/05/MDC-Brochure.pdf]
[localhost/bsu-open university/wp-content/uploads/2023/05/MHRM-Brochure.pdf]
[localhost/bsu-open university/wp-content/uploads/2023/05/MUM-Brochure.pdf]
[localhost/bsu-open university/wp-content/uploads/2023/05/MNFE-Brochure.pdf]
[localhost/bsu-open university/wp-content/uploads/2023/06/Screenshot-2023-06-21-153912.png]
[localhost/bsu-open university/wp-content/uploads/2023/06/ubiquitous.jpg]
[localhost/bsu-open university/wp-content/uploads/2023/06/pexels-tranmautritam-326514-150x150.jpg]
[localhost/bsu-open university/wp-content/uploads/2023/06/vclassroom.jpg]
[localhost/bsu-open university/index.php/programs/index.html]
[localhost/bsu-open university/index.php/wp-json/wp/v2/pages/37.json]
[localhost/bsu-open university/index.php/wp-json/oembed/1.0/embed1a2c.json]
[localhost/bsu-open university/index.php/wp-json/oembed/1.0/embed992c]
[localhost/bsu-open university/index.php/fees/index.html]
[localhost/bsu-open university/index.php/wp-json/wp/v2/pages/22.json]
[localhost/bsu-open university/index.php/wp-json/oembed/1.0/embed2fc2.json]
[localhost/bsu-open university/index.php/wp-json/oembed/1.0/embed7458]
[localhost/bsu-open university/wp-content/uploads/2023/05/OU-Form-1-Application-for-Admission-1.pdf]
[localhost/bsu-open university/wp-content/uploads/2023/05/OU-Form-2-Recommendation-Form-1.pdf]
[localhost/bsu-open university/wp-content/uploads/2023/05/OU-Form-3-Permit-to-Study-1.pdf]
[localhost/bsu-open university/index.php/admission-requirements/index.html]
[localhost/bsu-open university/index.php/wp-json/wp/v2/pages/803.json]
[localhost/bsu-open university/index.php/wp-json/oembed/1.0/embedecd4.json]
[localhost/bsu-open university/index.php/wp-json/oembed/1.0/embed7207]
[localhost/bsu-open university/wp-content/uploads/2023/05/enrollment-process-new-August-7-2023.png]
[localhost/bsu-open university/wp-content/uploads/2023/05/enrollment-process-cont-2.png]
[localhost/bsu-open university/index.php/submission/index.html]
[localhost/bsu-open university/index.php/wp-json/wp/v2/pages/1223.json]
[localhost/bsu-open university/index.php/wp-json/oembed/1.0/embed12e2.json]
[localhost/bsu-open university/index.php/wp-json/oembed/1.0/embed5c1b]
[localhost/bsu-open university/wp-content/uploads/2023/05/2.jpg]
[localhost/bsu-open university/wp-content/uploads/2023/05/5.jpg]
[localhost/bsu-open university/wp-content/uploads/2023/05/4.jpg]
[localhost/bsu-open university/wp-content/uploads/2023/05/6.jpg]
[localhost/bsu-open university/wp-content/uploads/2023/05/1.jpg]
[localhost/bsu-open university/wp-content/uploads/2023/05/3.jpg]
[localhost/bsu-open university/wp-content/plugins/testimonial-slider-and-showcase/assets/vendor/isotope/imagesloaded.pkgd.minb6db.js]
[localhost/bsu-open university/wp-content/plugins/testimonial-slider-and-showcase/assets/vendor/swiper/swiper.minb6db.js]
[localhost/bsu-open university/wp-content/plugins/testimonial-slider-and-showcase/assets/js/wptestimonialb6db.js]
[localhost/bsu-open university/index.php/new-student/index.html]
[localhost/bsu-open university/index.php/wp-json/wp/v2/pages/1226.json]
[localhost/bsu-open university/index.php/wp-json/oembed/1.0/embed8457.json]
[localhost/bsu-open university/index.php/wp-json/oembed/1.0/embed8a93]
[localhost/bsu-open university/index.php/continuing-student/index.html]
[localhost/bsu-open university/wp-content/plugins/the-events-calendar/common/src/resources/js/tribe-common.min466b.js]
[localhost/bsu-open university/wp-content/plugins/the-events-calendar/src/resources/js/views/breakpoints.mine620.js]
[localhost/bsu-open university/wp-content/plugins/the-events-calendar/vendor/bootstrap-datepicker/js/bootstrap-datepicker.mine620.js]
[localhost/bsu-open university/wp-content/plugins/the-events-calendar/src/resources/js/views/viewport.mine620.js]
[localhost/bsu-open university/wp-content/plugins/the-events-calendar/src/resources/js/views/accordion.mine620.js]
[localhost/bsu-open university/wp-content/plugins/the-events-calendar/src/resources/js/views/view-selector.mine620.js]
[localhost/bsu-open university/index.php/events/feed/index.html]
[localhost/bsu-open university/wp-content/plugins/the-events-calendar/src/resources/js/views/ical-links.mine620.js]
[localhost/bsu-open university/wp-content/plugins/the-events-calendar/src/resources/js/views/navigation-scroll.mine620.js]
[localhost/bsu-open university/wp-content/plugins/the-events-calendar/src/resources/js/views/multiday-events.mine620.js]
[localhost/bsu-open university/wp-content/plugins/the-events-calendar/src/resources/js/views/month-mobile-events.mine620.js]
[localhost/bsu-open university/wp-content/plugins/the-events-calendar/src/resources/js/views/month-grid.mine620.js]
[localhost/bsu-open university/wp-content/plugins/the-events-calendar/common/vendor/tooltipster/tooltipster.bundle.min466b.js]
[localhost/bsu-open university/wp-content/plugins/the-events-calendar/src/resources/js/views/tooltip.mine620.js]
[localhost/bsu-open university/wp-content/plugins/the-events-calendar/src/resources/js/views/events-bar.mine620.js]
[localhost/bsu-open university/wp-content/plugins/the-events-calendar/src/resources/js/views/events-bar-inputs.mine620.js]
[localhost/bsu-open university/wp-content/plugins/the-events-calendar/src/resources/js/views/datepicker.mine620.js]
[localhost/bsu-open university/wp-content/plugins/the-events-calendar/common/src/resources/js/utils/query-string.min466b.js]
[localhost/bsu-open university/wp-content/plugins/the-events-calendar/common/src/resources/js/underscore-before.js]
[localhost/bsu-open university/wp-includes/js/underscore.mind584.js]
[localhost/bsu-open university/wp-content/plugins/the-events-calendar/common/src/resources/js/underscore-after.js]
[localhost/bsu-open university/wp-content/plugins/the-events-calendar/src/resources/js/views/manager.mine620.js]
[localhost/bsu-open university/index.php/events/index.html]
[localhost/bsu-open university/index.php/wp-json/wp/v2/pages/1428.json]
[localhost/bsu-open university/index.php/wp-json/oembed/1.0/embed3ca2.json]
[localhost/bsu-open university/index.php/wp-json/oembed/1.0/embed1f7d]
[localhost/bsu-open university/index.php/my-calendar/index.html]
[localhost/bsu-open university/index.php/wp-json/wp/v2/pages/243.json]
[localhost/bsu-open university/index.php/wp-json/oembed/1.0/embedff3c.json]
[localhost/bsu-open university/index.php/wp-json/oembed/1.0/embedc60b]
[localhost/bsu-open university/wp-content/uploads/2023/05/Permit-to-Add.pdf]
[localhost/bsu-open university/wp-content/uploads/2023/05/Permit-to-Change-Course.pdf]
[localhost/bsu-open university/wp-content/uploads/2023/05/Permit-to-Withdraw.pdf]
[localhost/bsu-open university/wp-content/uploads/2023/05/APPLICATION-FOR-MAKE-UP-CLASS.docx]
[localhost/bsu-open university/wp-content/uploads/2023/05/OU-Form-6.-Endorsement-Form-Proposal-1.doc]
[localhost/bsu-open university/wp-content/uploads/2023/05/OU-Form-6.1-Endorsment-of-Form-Final-1.doc]
[localhost/bsu-open university/wp-content/uploads/2023/05/OU-Form-6.4-Endorsement-Masters-Project-1.doc]
[localhost/bsu-open university/wp-content/uploads/2023/05/OU-Form-5.-Application-for-Compre-Examination-1.docx]
[localhost/bsu-open university/wp-content/uploads/2023/05/OU-Form-7.-Application-for-Proposal-Defense-1.docx]
[localhost/bsu-open university/wp-content/uploads/2023/05/OU-Form-8.-Application-for-Final-Defense-1.docx]
[localhost/bsu-open university/wp-content/uploads/2023/05/OU-Form-4.-Nomination-of-Advisory-Committee-1.doc]
[localhost/bsu-open university/wp-content/uploads/2023/05/OU-Form-4.1-Change-Advisory-Committee-1.docx]
[localhost/bsu-open university/wp-content/uploads/2023/05/OU-Form-6.3-Endorserment-Reproduction-and-Binding-1.docx]
[localhost/bsu-open university/wp-content/uploads/2023/05/BSU-OU-Form-16-GANTT-Chart-1.docx]
[localhost/bsu-open university/wp-content/uploads/2023/05/OU-Form-10.-Distribution-Form-1.doc]
[localhost/bsu-open university/wp-content/uploads/2023/05/OU-Brochure.pdf]
[localhost/bsu-open university/wp-content/uploads/2023/06/Academic-Calendar-2023-2024.pdf]
[localhost/bsu-open university/index.php/downloads/index.html]
[localhost/bsu-open university/index.php/wp-json/wp/v2/pages/323.json]
[localhost/bsu-open university/index.php/wp-json/oembed/1.0/embed67c9.json]
[localhost/bsu-open university/index.php/wp-json/oembed/1.0/embed02ce]
[localhost/bsu-open university/index.php/lms-portal/index.html]
[localhost/bsu-open university/index.php/wp-json/wp/v2/pages/12.json]
[localhost/bsu-open university/index.php/wp-json/oembed/1.0/embed5956.json]
[localhost/bsu-open university/index.php/wp-json/oembed/1.0/embedee86]
[localhost/bsu-open university/index.php/about/index.html]
[localhost/bsu-open university/wp-content/uploads/2023/06/DSC_0020.jpg]
[localhost/bsu-open university/wp-content/uploads/2023/05/DSC_0242.jpg]
[localhost/bsu-open university/index.php/wp-json/wp/v2/posts/1831.json]
[localhost/bsu-open university/index.php/2023/06/21/is-open-university-the-right-choice-for-your-career-goals-find-out-here/feed/index.html]
[localhost/bsu-open university/index.php/wp-json/oembed/1.0/embeda210.json]
[localhost/bsu-open university/index.php/wp-json/oembed/1.0/embed6931]
[localhost/bsu-open university/wp-includes/js/comment-reply.min3781.js]
[localhost/bsu-open university/index.php/2023/06/21/is-open-university-the-right-choice-for-your-career-goals-find-out-here/index.html]
[localhost/bsu-open university/index.php/wp-json/wp/v2/posts/1834.json]
[localhost/bsu-open university/index.php/2023/06/21/the-benefits-of-e-learning-for-working-professionals-2/feed/index.html]
[localhost/bsu-open university/index.php/wp-json/oembed/1.0/embed3cc3.json]
[localhost/bsu-open university/index.php/wp-json/oembed/1.0/embed3ab4]
[localhost/bsu-open university/index.php/2023/06/21/the-benefits-of-e-learning-for-working-professionals-2/index.html]
[localhost/bsu-open university/wp-content/uploads/2023/05/DSC_0428.jpg]
[localhost/bsu-open university/wp-content/themes/atua/assets/images/shape/shape_1.svg]
[localhost/bsu-open university/wp-content/themes/atua/assets/images/shape/shape_3.svg]
[localhost/bsu-open university/wp-content/themes/atua/assets/images/shape/shape_4.svg]
[localhost/bsu-open university/wp-content/themes/atua/assets/images/shape/shape_5.svg]
[localhost/bsu-open university/wp-content/themes/atua/assets/images/shape/shape_6.svg]
[localhost/bsu-open university/index.php/wp-json/wp/v2/pages/15.json]
[localhost/bsu-open university/index.php/wp-json/oembed/1.0/embeda736.json]
[localhost/bsu-open university/index.php/wp-json/oembed/1.0/embed6b2c]
[localhost/bsu-open university/index.php/programs-offered/index.html]
[localhost/bsu-open university/wp-content/uploads/2023/05/DSC_0057.jpg]
[localhost/bsu-open university/index.php/wp-json/wp/v2/pages/1284.json]
[localhost/bsu-open university/index.php/wp-json/oembed/1.0/embedeb73.json]
[localhost/bsu-open university/index.php/wp-json/oembed/1.0/embedda83]
[localhost/bsu-open university/index.php/bsu-open-university-faculty/index.html]
[localhost/bsu-open university/wp-content/uploads/2023/05/DSC_0911.jpg]
[localhost/bsu-open university/index.php/wp-json/wp/v2/pages/1314.json]
[localhost/bsu-open university/index.php/wp-json/oembed/1.0/embed4073.json]
[localhost/bsu-open university/index.php/wp-json/oembed/1.0/embed5234]
[localhost/bsu-open university/wp-content/uploads/2023/05/DSC_0872.jpg]
[localhost/bsu-open university/wp-content/uploads/2023/05/DSC_0882.jpg]
[localhost/bsu-open university/wp-content/uploads/2023/05/DSC_0874.jpg]
[localhost/bsu-open university/wp-content/uploads/2023/05/DSC_0879.jpg]
[localhost/bsu-open university/wp-content/uploads/2023/05/DSC_0880.jpg]
[localhost/bsu-open university/wp-content/uploads/2023/05/DSC_0885.jpg]
[localhost/bsu-open university/wp-content/uploads/2023/05/DSC_0897.jpg]
[localhost/bsu-open university/wp-content/uploads/2023/05/DSC_0902.jpg]
[localhost/bsu-open university/wp-content/uploads/2023/05/DSC_0906.jpg]
[localhost/bsu-open university/wp-content/uploads/2023/05/DSC_0923.jpg]
[localhost/bsu-open university/wp-content/uploads/2023/05/DSC_0858.jpg]
[localhost/bsu-open university/index.php/alumni/index.html]
[localhost/bsu-open university/wp-content/uploads/2023/05/DSC_0022.jpg]
[localhost/bsu-open university/index.php/wp-json/wp/v2/pages/1881.json]
[localhost/bsu-open university/index.php/wp-json/oembed/1.0/embed2bde.json]
[localhost/bsu-open university/index.php/wp-json/oembed/1.0/embed175f]
[s.w.org/images/core/5.8/portrait.jpg]
[localhost/bsu-open university/wp-content/uploads/2023/05/DSC_1144.jpg]
[localhost/bsu-open university/wp-content/uploads/2023/05/DSC_0597.jpg]
[localhost/bsu-open university/index.php/student-success/index.html]
[localhost/bsu-open university/wp-content/themes/atua/assets/images/shape/shape_15.svg]
[localhost/bsu-open university/wp-content/themes/atua/assets/images/shape/shape_16.svg]
[localhost/bsu-open university/index.php/blog/index.html]
[localhost/bsu-open university/index.php/wp-json/wp/v2/pages/1838.json]
[localhost/bsu-open university/index.php/wp-json/oembed/1.0/embeda55f.json]
[localhost/bsu-open university/index.php/wp-json/oembed/1.0/embedb9dc]
[localhost/bsu-open university/index.php/terms-of-service/index.html]
[localhost/bsu-open university/index.php/wp-json/wp/v2/posts/1619.json]
[localhost/bsu-open university/index.php/2023/06/15/what-isthe-difference-between-a-thesis-non-thesis-masters-program/feed/index.html]
[localhost/bsu-open university/index.php/wp-json/oembed/1.0/embedac36.json]
[localhost/bsu-open university/index.php/wp-json/oembed/1.0/embeda075]
[localhost/bsu-open university/index.php/2023/06/15/what-isthe-difference-between-a-thesis-non-thesis-masters-program/index.html]
[localhost/bsu-open university/index.php/wp-json/wp/v2/pages/1511.json]
[localhost/bsu-open university/index.php/wp-json/oembed/1.0/embed2959.json]
[localhost/bsu-open university/index.php/wp-json/oembed/1.0/embedc175]
[localhost/bsu-open university/index.php/faq/index.html]
[localhost/bsu-open university/indexda21.html]
[connect.facebook.net/en_US/sdk/xfbml.customerchat.js]
[localhost/bsu-open university/wp-content/plugins/testimonial-slider-and-showcase/assets/images/skype.svg]
[localhost/bsu-open university/wp-content/plugins/testimonial-slider-and-showcase/assets/images/telegram.svg]
[localhost/bsu-open university/wp-content/themes/atua/assets/vendors/css/owl.video.play.html]
[localhost/bsu-open university/wp-content/themes/atua/assets/images/shape/shape_0.svg]
[localhost/bsu-open university/wp-content/themes/atua/assets/images/icon-select.html]
[localhost/bsu-open university/index7020.html]
[localhost/BSU-Open University/index1c83.html]
[localhost/bsu-open university/index.php/wp-json/wp/v2/pages/276.json]
[localhost/bsu-open university/index.php/wp-json/oembed/1.0/embeda4e6.json]
[localhost/bsu-open university/index.php/wp-json/oembed/1.0/embed229f]
[localhost/BSU-Open University/index.php/programs-offered/master-in-community-health-development/index.html]
[localhost/bsu-open university/index.php/wp-json/wp/v2/pages/278.json]
[localhost/bsu-open university/index.php/wp-json/oembed/1.0/embed65f2.json]
[localhost/bsu-open university/index.php/wp-json/oembed/1.0/embed2de4]
[localhost/BSU-Open University/index.php/programs-offered/master-in-cooperative-management/index.html]
[localhost/bsu-open university/index.php/wp-json/wp/v2/pages/281.json]
[localhost/bsu-open university/index.php/wp-json/oembed/1.0/embed4859.json]
[localhost/bsu-open university/index.php/wp-json/oembed/1.0/embedc114]
[localhost/BSU-Open University/index.php/programs-offered/master-in-development-communication/index.html]
[localhost/bsu-open university/index.php/wp-json/wp/v2/pages/284.json]
[localhost/bsu-open university/index.php/wp-json/oembed/1.0/embede818.json]
[localhost/bsu-open university/index.php/wp-json/oembed/1.0/embedda8f]
[localhost/BSU-Open University/index.php/programs-offered/master-in-human-resource-management/index.html]
[localhost/BSU-Open University/index.php/home/programs-offered/master-in-urban-management/index.html]
[localhost/bsu-open university/index.php/wp-json/wp/v2/pages/286.json]
[localhost/bsu-open university/index.php/wp-json/oembed/1.0/embed1b87.json]
[localhost/bsu-open university/index.php/wp-json/oembed/1.0/embed9d20]
[localhost/BSU-Open University/index.php/programs-offered/master-in-non-formal-education/index.html]
[localhost/bsu-open university/index.php/wp-json/wp/v2/pages/361.json]
[localhost/bsu-open university/index.php/wp-json/oembed/1.0/embed070c.json]
[localhost/bsu-open university/index.php/wp-json/oembed/1.0/embed1c62]
[localhost/bsu-open university/index.php/programs-offered/diploma-in-training-management/index.html]
[localhost/bsu-open university/index.php/2023/06/index.html]
[localhost/bsu-open university/index.php/wp-json/wp/v2/posts/1847.json]
[localhost/bsu-open university/index.php/2023/06/21/breaking-down-the-myths-around-online-learning-and-open-universities/feed/index.html]
[localhost/bsu-open university/index.php/wp-json/oembed/1.0/embed41ea.json]
[localhost/bsu-open university/index.php/wp-json/oembed/1.0/embed7f9d]
[localhost/bsu-open university/index.php/2023/06/21/breaking-down-the-myths-around-online-learning-and-open-universities/index.html]
[localhost/bsu-open university/index.php/wp-json/wp/v2/posts/1629.json]
[localhost/bsu-open university/index.php/2023/06/15/8-advantages-of-obtaining-a-masters-degree/feed/index.html]
[localhost/bsu-open university/index.php/wp-json/oembed/1.0/embeda244.json]
[localhost/bsu-open university/index.php/wp-json/oembed/1.0/embed6ec6]
[localhost/bsu-open university/index.php/2023/06/15/8-advantages-of-obtaining-a-masters-degree/index.html]
[localhost/bsu-open university/index4837.html]
[localhost/bsu-open university/index.php/wp-json/wp/v2/pages/44.json]
[localhost/bsu-open university/index.php/wp-json/oembed/1.0/embed98ca.json]
[localhost/bsu-open university/index.php/wp-json/oembed/1.0/embedb299]
[localhost/BSU-Open University/index.php/contact-us/index.html]
[localhost/bsu-open university/index0345.html]
[localhost/bsu-open university/index9628.html]
[localhost/BSU-Open University/index.php/admission-requirements/index-2.html]
[localhost/bsu-open university/index6bb7.html]
[localhost/bsu-open university/wp-content/plugins/testimonial-slider-and-showcase/assets/vendor/swiper/swiper.minb6db.css]
[localhost/bsu-open university/wp-content/plugins/testimonial-slider-and-showcase/assets/vendor/fontello/font/tss-font07c7.eot]
[localhost/bsu-open university/wp-content/plugins/testimonial-slider-and-showcase/assets/vendor/fontello/font/tss-font07c7.woff2]
[localhost/bsu-open university/wp-content/plugins/testimonial-slider-and-showcase/assets/vendor/fontello/font/tss-font07c7.woff]
[localhost/bsu-open university/wp-content/plugins/testimonial-slider-and-showcase/assets/vendor/fontello/font/tss-font07c7.ttf]
[localhost/bsu-open university/wp-content/plugins/testimonial-slider-and-showcase/assets/vendor/fontello/css/tss-font.minb6db.css]
[localhost/bsu-open university/wp-includes/fonts/dashicons7d4b.eot]
[localhost/bsu-open university/wp-includes/fonts/dashicons7d4b.ttf]
[localhost/bsu-open university/wp-includes/css/dashicons.min3781.css]
[localhost/bsu-open university/indexa5f9.html]
[localhost/bsu-open university/wp-content/plugins/the-events-calendar/vendor/bootstrap-datepicker/css/bootstrap-datepicker.standalone.mine620.css]
[localhost/bsu-open university/wp-content/plugins/the-events-calendar/common/src/resources/css/variables-skeleton.min466b.css]
[localhost/bsu-open university/wp-content/plugins/the-events-calendar/common/src/resources/css/common-skeleton.min466b.css]
[localhost/bsu-open university/wp-content/plugins/the-events-calendar/common/vendor/tooltipster/tooltipster.bundle.min466b.css]
[localhost/bsu-open university/wp-content/plugins/the-events-calendar/src/resources/css/views-skeleton.mine620.css]
[localhost/bsu-open university/wp-content/plugins/the-events-calendar/common/src/resources/css/variables-full.min466b.css]
[localhost/bsu-open university/wp-content/plugins/the-events-calendar/common/src/resources/css/common-full.min466b.css]
[localhost/bsu-open university/wp-content/plugins/the-events-calendar/src/resources/css/views-full.mine620.css]
[localhost/bsu-open university/wp-content/plugins/the-events-calendar/src/resources/css/views-print.mine620.css]
[localhost/bsu-open university/index.php/wp-json/tribe/views/v2/html.json]
[localhost/bsu-open university/events/list/index.html]
[localhost/bsu-open university/events/month/index.html]
[localhost/bsu-open university/events/today/index.html]
[localhost/bsu-open university/events/list/index4c00.html]
[localhost/bsu-open university/events/list/index58bb.html]
[localhost/bsu-open university/index.php/event/1st-semester-s-y-2023-2024/feed/index.html]
[localhost/bsu-open university/index.php/wp-json/wp/v2/tribe_events/1469.json]
[localhost/bsu-open university/index.php/wp-json/oembed/1.0/embed77fe.json]
[localhost/bsu-open university/index.php/wp-json/oembed/1.0/embed76af]
[localhost/bsu-open university/index.php/wp-json/tribe/events/v1/events/1469.json]
[localhost/bsu-open university/index.php/event/1st-semester-s-y-2023-2024/index.html]
[localhost/bsu-open university/wp-content/plugins/the-events-calendar/src/resources/images/tribe-loading.gif]
[localhost/bsu-open university/index.php/wp-json/wp/v2/tribe_events/1471.json]
[localhost/bsu-open university/index.php/event/2nd-semester/feed/index.html]
[localhost/bsu-open university/index.php/wp-json/oembed/1.0/embed662c.json]
[localhost/bsu-open university/index.php/wp-json/oembed/1.0/embed65e8]
[localhost/bsu-open university/index.php/wp-json/tribe/events/v1/events/1471.json]
[localhost/bsu-open university/index.php/event/2nd-semester/index.html]
[localhost/bsu-open university/events/list/indexedf3.html]
[localhost/bsu-open university/events/list/index1fda.html]
[localhost/bsu-open university/index6670.html]
[localhost/bsu-open university/indexfbc5.html]
[localhost/bsu-open university/wp-content/uploads/2023/05/OU-Brochure.pdf]
[localhost/bsu-open university/index3cee.html]
[localhost/bsu-open university/index678b.html]
[localhost/bsu-open university/wp-content/uploads/2023/06/DSC_0020.jpg]
[localhost/bsu-open university/index5c9a.html]
[localhost/bsu-open university/index.php/author/dante/feed/index.html]
[localhost/bsu-open university/index.php/wp-json/wp/v2/users/1.json]
[localhost/bsu-open university/index.php/author/dante/index.html]
[localhost/bsu-open university/index.php/wp-json/wp/v2/categories/1.json]
[localhost/bsu-open university/index.php/category/uncategorized/index.html]
[localhost/bsu-open university/index.php/category/uncategorized/feed/index.html]
[localhost/bsu-open university/indexe6fd.html]
[localhost/bsu-open university/wp-content/uploads/2023/05/DSC_0428.jpg]
[localhost/bsu-open university/indexa1ca.html]
[localhost/bsu-open university/indexbbcb.html]
[localhost/bsu-open university/index3dd1.html]
[localhost/bsu-open university/wp-content/uploads/2023/05/DSC_0872.jpg]
[localhost/bsu-open university/wp-content/uploads/2023/05/DSC_0882.jpg]
[localhost/bsu-open university/wp-content/uploads/2023/05/DSC_0874.jpg]
[localhost/bsu-open university/wp-content/uploads/2023/05/DSC_0879.jpg]
[localhost/bsu-open university/wp-content/uploads/2023/05/DSC_0880.jpg]
[localhost/bsu-open university/wp-content/uploads/2023/05/DSC_0885.jpg]
[localhost/bsu-open university/wp-content/uploads/2023/05/DSC_0897.jpg]
[localhost/bsu-open university/wp-content/uploads/2023/05/DSC_0902.jpg]
[localhost/bsu-open university/wp-content/uploads/2023/05/DSC_0906.jpg]
[localhost/bsu-open university/wp-content/uploads/2023/05/DSC_0923.jpg]
[localhost/bsu-open university/wp-content/uploads/2023/05/DSC_0858.jpg]
[localhost/bsu-open university/index281b.html]
[localhost/bsu-open university/wp-content/uploads/2023/05/DSC_1144.jpg]
[localhost/bsu-open university/wp-content/uploads/2023/05/DSC_0597.jpg]
[localhost/bsu-open university/indexd4e2.html]
[localhost/bsu-open university/index7bb4.html]
[localhost/bsu-open university/index071e.html]
[localhost/bsu-open university/index.php/wp-json/wp/v2/pages/765.json]
[localhost/bsu-open university/index.php/wp-json/oembed/1.0/embed57bd.json]
[localhost/bsu-open university/index.php/wp-json/oembed/1.0/embed219d]
[localhost/bsu-open university/index.php/privacy-policy/index.html]
[localhost/bsu-open university/chrome-extension_/index.html]
[localhost/bsu-open university/^([^_/indexd41d.html]
[localhost/bsu-open university/ABCDEFGHIJKLMNOPQRSTUVWXYZabcdefghijklmnopqrstuvwxyz0123456789+/index.html]
[localhost/bsu-open university/GET.html]
[localhost/bsu-open university/dialog/index.html]
[localhost/bsu-open university/LiveChatEvent/index.html]
[localhost/bsu-open university/index.php/wp-json/wp/v2/pages/272.json]
[localhost/bsu-open university/index.php/wp-json/oembed/1.0/embed58b9.json]
[localhost/bsu-open university/index.php/wp-json/oembed/1.0/embed859e]
[localhost/bsu-open university/index.php/programs-offered/master-in-community-development/index.html]
[localhost/bsu-open university/index.php/programs-offered/master-in-community-health-development/index-2.html]
[localhost/bsu-open university/index44be.html]
[localhost/bsu-open university/index.php/programs-offered/master-in-cooperative-management/index-2.html]
[localhost/bsu-open university/index1641.html]
[localhost/bsu-open university/index.php/programs-offered/master-in-development-communication/index-2.html]
[localhost/bsu-open university/index73fa.html]
[localhost/BSU-Open University/index.php/2023/03/21/master-in-community-development/index.html]
[localhost/bsu-open university/index.php/programs-offered/master-in-human-resource-management/index-2.html]
[localhost/bsu-open university/index7b2c.html]
[localhost/bsu-open university/index.php/wp-json/wp/v2/pages/288.json]
[localhost/bsu-open university/index.php/wp-json/oembed/1.0/embed12df.json]
[localhost/bsu-open university/index.php/wp-json/oembed/1.0/embed0ff6]
[localhost/bsu-open university/index.php/programs-offered/master-in-urban-management/index.html]
[localhost/bsu-open university/index.php/programs-offered/master-in-non-formal-education/index-2.html]
[localhost/bsu-open university/index5c97.html]
[localhost/bsu-open university/index76f0.html]
[localhost/bsu-open university/wp-content/uploads/2023/03/DTM-1-1.html]
[localhost/bsu-open university/index.php/2023/index.html]
[localhost/bsu-open university/indexb263.html]
[localhost/bsu-open university/indexd010.html]
[localhost/bsu-open university/index.php/contact-us/index-2.html]
[localhost/bsu-open university/index49b1.html]
[localhost/bsu-open university/wp-content/plugins/testimonial-slider-and-showcase/assets/vendor/fontello/font/tss-font07c7.svg]
[localhost/bsu-open university/wp-content/plugins/the-events-calendar/src/resources/images/alert.svg]
[localhost/bsu-open university/wp-content/plugins/the-events-calendar/src/resources/css/tribe-events-single-skeleton.mine620.css]
[localhost/bsu-open university/wp-content/plugins/the-events-calendar/src/resources/css/tribe-events-single-full.mine620.css]
[localhost/bsu-open university/indexccf7.html]
[localhost/bsu-open university/index.php/wp-json/wp/v2/tribe_events/1466.json]
[localhost/bsu-open university/index.php/wp-json/oembed/1.0/embed456c.json]
[localhost/bsu-open university/index.php/wp-json/oembed/1.0/embed9e99]
[localhost/bsu-open university/index.php/wp-json/tribe/events/v1/events/1466.json]
[localhost/bsu-open university/index.php/event/midyear-term-s-y-2023-2024/index.html]
[localhost/bsu-open university/index2bf9.html]
[localhost/bsu-open university/wp-content/uploads/2023/05/DSC_0874.jpg]
[localhost/bsu-open university/wp-content/uploads/2023/05/DSC_0879.jpg]
[localhost/bsu-open university/wp-content/uploads/2023/05/DSC_0880.jpg]
[localhost/bsu-open university/wp-content/uploads/2023/05/DSC_0897.jpg]
[localhost/bsu-open university/wp-content/uploads/2023/05/DSC_0902.jpg]
[localhost/bsu-open university/wp-content/uploads/2023/05/DSC_0906.jpg]
[localhost/bsu-open university/wp-content/uploads/2023/05/DSC_0923.jpg]
[localhost/bsu-open university/wp-content/uploads/2023/05/DSC_1144.jpg]
[localhost/bsu-open university/wp-content/uploads/2023/05/DSC_0597.jpg]
[localhost/bsu-open university/index6215.html]
[localhost/bsu-open university/indexcde3.html]
[localhost/bsu-open university/index1d24.html]
[localhost/BSU-Open University/index.php/2023/03/21/master-in-non-formal-education/index.html]
[localhost/bsu-open university/index7030.html]
